Open connection
Execute scalar command: select 1 from information_schema.tables where TABLE_NAME = 'SchemaVersions'
Dispose command
Execute non query command: error
Dispose command
Dispose connection